// Jest Snapshot v1, https://goo.gl/fbAQLP

exports[`test of Toolbar component should show <ToolBar /> correctly  1`] = `
<Fragment>
  <div
    className="navbar"
  >
    <div
      className="navbar__brand"
    >
      <img
        alt="corona virus"
        className="brand__img"
        src="coronavirus.svg"
      />
      <span
        className="brand__text"
      >
        Tracker
      </span>
    </div>
    <div
      className="navbar__card"
    >
      <select
        onChange={[Function]}
        value="Word Wide"
      >
        <option>
          World Wide
        </option>
        <option
          key="Spain"
        >
          Spain
        </option>
        <option
          key="EEUU"
        >
          EEUU
        </option>
      </select>
    </div>
  </div>
</Fragment>
`;
